[    3435ms] [LOG] %c Console Ninja extension is connected to Next.js browser, background: rgb(30,30,30); color: rgb(255,213,92) see https://tinyurl.com/2vt8jxzw for more info. @ :0
[    3438ms] [INFO] %cDownload the React DevTools for a better development experience: https://react.dev/link/react-devtools font-weight:bold @ http://localhost:3000/_next/static/chunks/node_modules_next_dist_1ybzpk2._.js:2487
[    3495ms] [LOG] [HMR] connected @ http://localhost:3000/_next/static/chunks/node_modules_next_dist_1ybzpk2._.js:2487
[    3520ms] [LOG] %c%s%c [34mprisma:query[39m background: #e6e6e6;background: light-dark(rgba(0,0,0,0.1), rgba(255,255,255,0.25));color: #000000;color: light-dark(#000000, #ffffff);border-radius: 2px  Server   SELECT "public"."settings"."key", "public"."settings"."value", "public"."settings"."updatedAt" FROM "public"."settings" WHERE "public"."settings"."key" IN ($1,$2,$3,$4,$5,$6,$7,$8,$9) OFFSET $10 @ http://localhost:3000/_next/static/chunks/node_modules_next_dist_1ybzpk2._.js:2487
[    3522ms] [LOG] %c%s%c [34mprisma:query[39m background: #e6e6e6;background: light-dark(rgba(0,0,0,0.1), rgba(255,255,255,0.25));color: #000000;color: light-dark(#000000, #ffffff);border-radius: 2px  Server   SELECT COUNT(*) AS "_count$_all" FROM (SELECT "public"."review"."id" FROM "public"."review" WHERE 1=1 OFFSET $1) AS "sub" @ http://localhost:3000/_next/static/chunks/node_modules_next_dist_1ybzpk2._.js:2487
[    3523ms] [LOG] %c%s%c [34mprisma:query[39m background: #e6e6e6;background: light-dark(rgba(0,0,0,0.1), rgba(255,255,255,0.25));color: #000000;color: light-dark(#000000, #ffffff);border-radius: 2px  Server   SELECT COUNT(*) AS "_count$_all" FROM (SELECT "public"."tour_package"."id" FROM "public"."tour_package" WHERE 1=1 OFFSET $1) AS "sub" @ http://localhost:3000/_next/static/chunks/node_modules_next_dist_1ybzpk2._.js:2487
[    3523ms] [LOG] %c%s%c [34mprisma:query[39m background: #e6e6e6;background: light-dark(rgba(0,0,0,0.1), rgba(255,255,255,0.25));color: #000000;color: light-dark(#000000, #ffffff);border-radius: 2px  Server   SELECT COUNT(*) AS "_count$_all" FROM (SELECT "public"."user"."id" FROM "public"."user" WHERE "public"."user"."role" = $1 OFFSET $2) AS "sub" @ http://localhost:3000/_next/static/chunks/node_modules_next_dist_1ybzpk2._.js:2487
[    3523ms] [LOG] %c%s%c [34mprisma:query[39m background: #e6e6e6;background: light-dark(rgba(0,0,0,0.1), rgba(255,255,255,0.25));color: #000000;color: light-dark(#000000, #ffffff);border-radius: 2px  Server   SELECT COUNT(*) AS "_count$_all" FROM (SELECT "public"."vehicle"."id" FROM "public"."vehicle" WHERE 1=1 OFFSET $1) AS "sub" @ http://localhost:3000/_next/static/chunks/node_modules_next_dist_1ybzpk2._.js:2487
[    3523ms] [LOG] %c%s%c [34mprisma:query[39m background: #e6e6e6;background: light-dark(rgba(0,0,0,0.1), rgba(255,255,255,0.25));color: #000000;color: light-dark(#000000, #ffffff);border-radius: 2px  Server   SELECT AVG("rating") AS "_avg$rating" FROM (SELECT "public"."review"."rating" FROM "public"."review" WHERE 1=1 OFFSET $1) AS "sub" @ http://localhost:3000/_next/static/chunks/node_modules_next_dist_1ybzpk2._.js:2487
[    3523ms] [LOG] %c%s%c [34mprisma:query[39m background: #e6e6e6;background: light-dark(rgba(0,0,0,0.1), rgba(255,255,255,0.25));color: #000000;color: light-dark(#000000, #ffffff);border-radius: 2px  Server   SELECT "public"."review"."id", "public"."review"."tourPackageId", "public"."review"."userId", "public"."review"."rating", "public"."review"."comment", "public"."review"."photos", "public"."review"."reviewerName", "public"."review"."reviewerImage", "public"."review"."createdAt", "public"."review"."updatedAt" FROM "public"."review" WHERE 1=1 ORDER BY "public"."review"."createdAt" DESC LIMIT $1 OFFSET $2 @ http://localhost:3000/_next/static/chunks/node_modules_next_dist_1ybzpk2._.js:2487
[    3523ms] [LOG] %c%s%c [34mprisma:query[39m background: #e6e6e6;background: light-dark(rgba(0,0,0,0.1), rgba(255,255,255,0.25));color: #000000;color: light-dark(#000000, #ffffff);border-radius: 2px  Server   SELECT "public"."user"."id", "public"."user"."name", "public"."user"."role", "public"."user"."image" FROM "public"."user" WHERE "public"."user"."id" IN ($1,$2) OFFSET $3 @ http://localhost:3000/_next/static/chunks/node_modules_next_dist_1ybzpk2._.js:2487
[    3523ms] [LOG] %c%s%c [34mprisma:query[39m background: #e6e6e6;background: light-dark(rgba(0,0,0,0.1), rgba(255,255,255,0.25));color: #000000;color: light-dark(#000000, #ffffff);border-radius: 2px  Server   
    SELECT
      tp.id, tp.name, tp.slug, tp.description, tp.price, tp.duration, "tp"."maxPersons", tp.thumbnail,
      AVG(r.rating) as "avgRating",
      COUNT(r.id) as "reviewCount"
    FROM tour_package tp
    LEFT JOIN review r ON r."tourPackageId" = tp.id
    GROUP BY tp.id
    ORDER BY "reviewCount" DESC, tp."createdAt" DESC
    LIMIT 6
   @ http://localhost:3000/_next/static/chunks/node_modules_next_dist_1ybzpk2._.js:2487
[    3523ms] [LOG] %c%s%c [34mprisma:query[39m background: #e6e6e6;background: light-dark(rgba(0,0,0,0.1), rgba(255,255,255,0.25));color: #000000;color: light-dark(#000000, #ffffff);border-radius: 2px  Server   
    SELECT
      v.id, v.make, v.model, v.year, v."licensePlate", v.thumbnail,
      COUNT(tpv."tourPackageId") as "tourCount"
    FROM vehicle v
    LEFT JOIN tour_package_vehicle tpv ON tpv."vehicleId" = v.id
    GROUP BY v.id
    ORDER BY "tourCount" DESC, v."createdAt" DESC
    LIMIT 6
   @ http://localhost:3000/_next/static/chunks/node_modules_next_dist_1ybzpk2._.js:2487
[    3523ms] [LOG] %c%s%c [34mprisma:query[39m background: #e6e6e6;background: light-dark(rgba(0,0,0,0.1), rgba(255,255,255,0.25));color: #000000;color: light-dark(#000000, #ffffff);border-radius: 2px  Server   SELECT "public"."user"."id", "public"."user"."name", "public"."user"."email", "public"."user"."emailVerified", "public"."user"."image", "public"."user"."createdAt", "public"."user"."updatedAt", "public"."user"."role", "public"."user"."banned", "public"."user"."banReason", "public"."user"."banExpires", "public"."user"."whatsapp", "public"."user"."lat", "public"."user"."lng", "public"."user"."locationName", "public"."user"."locationUpdatedAt" FROM "public"."user" WHERE ("public"."user"."role" = $1 AND "public"."user"."lat" IS NOT NULL AND "public"."user"."lng" IS NOT NULL) ORDER BY "public"."user"."locationUpdatedAt" DESC OFFSET $2 @ http://localhost:3000/_next/static/chunks/node_modules_next_dist_1ybzpk2._.js:2487
[    3523ms] [LOG] %c%s%c [34mprisma:query[39m background: #e6e6e6;background: light-dark(rgba(0,0,0,0.1), rgba(255,255,255,0.25));color: #000000;color: light-dark(#000000, #ffffff);border-radius: 2px  Server   SELECT "public"."vehicle"."id", "public"."vehicle"."make", "public"."vehicle"."model", "public"."vehicle"."licensePlate", "public"."vehicle"."driverId" FROM "public"."vehicle" WHERE "public"."vehicle"."driverId" IN ($1) ORDER BY "public"."vehicle"."id" ASC OFFSET $2 @ http://localhost:3000/_next/static/chunks/node_modules_next_dist_1ybzpk2._.js:2487
[    3523ms] [LOG] %c%s%c [34mprisma:query[39m background: #e6e6e6;background: light-dark(rgba(0,0,0,0.1), rgba(255,255,255,0.25));color: #000000;color: light-dark(#000000, #ffffff);border-radius: 2px  Server   SELECT "public"."blog_post"."id", "public"."blog_post"."title", "public"."blog_post"."slug", "public"."blog_post"."excerpt", "public"."blog_post"."coverImage", "public"."blog_post"."authorName", "public"."blog_post"."tags", "public"."blog_post"."publishedAt", "public"."blog_post"."createdAt" FROM "public"."blog_post" WHERE "public"."blog_post"."status" = $1 ORDER BY "public"."blog_post"."publishedAt" DESC, "public"."blog_post"."createdAt" DESC LIMIT $2 OFFSET $3 @ http://localhost:3000/_next/static/chunks/node_modules_next_dist_1ybzpk2._.js:2487
[    3716ms] [WARNING] Image with src "https://res.cloudinary.com/dhz1oeq0z/image/upload/v1780549553/tourvibe/tours/gcosfz9pc1njiuri9trc.png" has "fill" but is missing "sizes" prop. Please add it to improve page performance. Read more: https://nextjs.org/docs/api-reference/next/image#sizes @ http://localhost:3000/_next/static/chunks/node_modules_next_dist_1ybzpk2._.js:2487
[    3716ms] [WARNING] Image with src "https://res.cloudinary.com/dhz1oeq0z/image/upload/v1777139875/tourvibe/tours/q3qjaaebhfb7ln4havik.webp" has "fill" but is missing "sizes" prop. Please add it to improve page performance. Read more: https://nextjs.org/docs/api-reference/next/image#sizes @ http://localhost:3000/_next/static/chunks/node_modules_next_dist_1ybzpk2._.js:2487
[    3769ms] [WARNING] Image with src "https://res.cloudinary.com/dhz1oeq0z/image/upload/v1779681860/tourvibe/tours/sw8necccysglnwkochp2.jpg" has "fill" but is missing "sizes" prop. Please add it to improve page performance. Read more: https://nextjs.org/docs/api-reference/next/image#sizes @ http://localhost:3000/_next/static/chunks/node_modules_next_dist_1ybzpk2._.js:2487
[    3769ms] [WARNING] Image with src "https://res.cloudinary.com/dhz1oeq0z/image/upload/v1779681677/tourvibe/tours/gld4qwljclz5ffmptzvu.jpg" has "fill" but is missing "sizes" prop. Please add it to improve page performance. Read more: https://nextjs.org/docs/api-reference/next/image#sizes @ http://localhost:3000/_next/static/chunks/node_modules_next_dist_1ybzpk2._.js:2487
[    3769ms] [WARNING] Image with src "https://res.cloudinary.com/dhz1oeq0z/image/upload/v1779681274/tourvibe/tours/p9zygmqwk6ldbmfvjfkv.jpg" has "fill" but is missing "sizes" prop. Please add it to improve page performance. Read more: https://nextjs.org/docs/api-reference/next/image#sizes @ http://localhost:3000/_next/static/chunks/node_modules_next_dist_1ybzpk2._.js:2487
[    3833ms] [WARNING] Expected value to be of type number, but found null instead. @ blob:http://localhost:3000/011ba259-f2f2-4544-b0bf-85691f752d1b:8091
[    3834ms] [WARNING] Expected value to be of type number, but found null instead. @ blob:http://localhost:3000/011ba259-f2f2-4544-b0bf-85691f752d1b:8091
[    3834ms] [WARNING] Expected value to be of type number, but found null instead. @ blob:http://localhost:3000/011ba259-f2f2-4544-b0bf-85691f752d1b:8091
[    3879ms] [WARNING] Expected value to be of type number, but found null instead. @ blob:http://localhost:3000/011ba259-f2f2-4544-b0bf-85691f752d1b:8091
[    3879ms] [WARNING] Expected value to be of type number, but found null instead. @ blob:http://localhost:3000/011ba259-f2f2-4544-b0bf-85691f752d1b:8091
[    3879ms] [WARNING] Expected value to be of type number, but found null instead. @ blob:http://localhost:3000/011ba259-f2f2-4544-b0bf-85691f752d1b:8091
[    3909ms] [LOG] [Fast Refresh] rebuilding @ http://localhost:3000/_next/static/chunks/node_modules_next_dist_1ybzpk2._.js:2487
[    4136ms] [LOG] [Fast Refresh] done in 329ms @ http://localhost:3000/_next/static/chunks/node_modules_next_dist_1ybzpk2._.js:2487
[   16203ms] [WARNING] Image with src "https://res.cloudinary.com/dhz1oeq0z/image/upload/v1779617476/tourvibe/vehicles/r9cv5lf8h6lvmulj8y9j.jpg" has "fill" but is missing "sizes" prop. Please add it to improve page performance. Read more: https://nextjs.org/docs/api-reference/next/image#sizes @ http://localhost:3000/_next/static/chunks/node_modules_next_dist_1ybzpk2._.js:2487
[   16207ms] [WARNING] Image with src "https://res.cloudinary.com/dhz1oeq0z/image/upload/v1779612626/tourvibe/vehicles/f0gg8wfdmefxguc7mqs3.webp" has "fill" but is missing "sizes" prop. Please add it to improve page performance. Read more: https://nextjs.org/docs/api-reference/next/image#sizes @ http://localhost:3000/_next/static/chunks/node_modules_next_dist_1ybzpk2._.js:2487
